=== SHARKOPS ATTACK SO-022/W01 ===
root: /Users/tialarocha/Documents/HYDRORIVERS-WEB-APP/hydririvers-ops-dashboard
started: 2026-08-27 23:53:58
[negotiation-profile-states-ownership] PASS
 shipper-mobile-flow files: 27
 external persona consumers: 3
 canonical owners -> shipper-mobile-flow dependency: 0
[persona-god-feature] PASS
 frozen feature files: 139; current: 27
 frozen external consumers: 21; current: 3
 rule: shipper-mobile-flow may shrink, but it cannot gain new files or new consumers
 rule: shared cannot import persona-specific feature code
[shared-ui-god-stylesheet] PASS
 frozen lines: 1504; current: 891
 frozen consumers: 16; current: 1
 rule: shared-ui.module.sass may shrink, never grow
 rule: features/cargo cannot consume persona shared styles
[SO-022/W01] APPLIED
=== SO-022/W01 ARCHITECTURE CONTRACTS ===
[negotiation-profile-states-ownership] PASS
 shipper-mobile-flow files: 27
 external persona consumers: 3
 canonical owners -> shipper-mobile-flow dependency: 0
[persona-god-feature] PASS
 frozen feature files: 139; current: 27
 frozen external consumers: 21; current: 3
 rule: shipper-mobile-flow may shrink, but it cannot gain new files or new consumers
 rule: shared cannot import persona-specific feature code
[shared-ui-god-stylesheet] PASS
 frozen lines: 1504; current: 891
 frozen consumers: 16; current: 1
 rule: shared-ui.module.sass may shrink, never grow
 rule: features/cargo cannot consume persona shared styles
node:internal/modules/cjs/loader:1404
  throw err;
  ^

Error: Cannot find module '/Users/tialarocha/Documents/HYDRORIVERS-WEB-APP/hydririvers-ops-dashboard/.sharkops/contracts/verify-auth-closeout.mjs'
    at Function._resolveFilename (node:internal/modules/cjs/loader:1401:15)
    at defaultResolveImpl (node:internal/modules/cjs/loader:1057:19)
    at resolveForCJSWithHooks (node:internal/modules/cjs/loader:1062:22)
    at Function._load (node:internal/modules/cjs/loader:1211:37)
    at TracingChannel.traceSync (node:diagnostics_channel:322:14)
    at wrapModuleLoad (node:internal/modules/cjs/loader:235:24)
    at Function.executeUserEntryPoint [as runMain] (node:internal/modules/run_main:171:5)
    at node:internal/main/run_main_module:36:49 {
  code: 'MODULE_NOT_FOUND',
  requireStack: []
}

Node.js v22.17.0
=== SHARKOPS RESULT: RED ===
Stopped safely. Report: /Users/tialarocha/Documents/HYDRORIVERS-WEB-APP/hydririvers-ops-dashboard/reports/sharkops/SO-022-W01-attack.log
Rollback: bash /Users/tialarocha/Downloads/HYDRORIVERS-SO022-WAVE01-NEGOTIATION-PROFILE-STATES-OWNERSHIP/rollback.sh
